  Determining projects to restore...
  All projects are up-to-date for restore.
  SocialNetwork.Domain -> E:\PersonalProject\SocialNetwork\MiniSocialNetwork\SocialNetwork.Domain\bin\Debug\net8.0\SocialNetwork.Domain.dll
  SocialNetwork.Infrastructure -> E:\PersonalProject\SocialNetwork\MiniSocialNetwork\SocialNetwork.Infrastructure\bin\Debug\net8.0\SocialNetwork.Infrastructure.dll
  SocialNetwork.Application -> E:\PersonalProject\SocialNetwork\MiniSocialNetwork\SocialNetwork.Application\bin\Debug\net8.0\SocialNetwork.Application.dll
C:\Program Files\dotnet\sdk\9.0.306\Microsoft.Common.CurrentVersion.targets(5093,5): warning MSB3026: Could not copy "E:\PersonalProject\SocialNetwork\MiniSocialNetwork\SocialNetwork.Domain\bin\Debug\net8.0\SocialNetwork.Domain.dll" to "bin\Debug\net8.0\SocialNetwork.Domain.dll". Beginning retry 1 in 1000ms. The process cannot access the file 'E:\PersonalProject\SocialNetwork\MiniSocialNetwork\SocialNetwork.API\bin\Debug\net8.0\SocialNetwork.Domain.dll' because it is being used by another process. The file is locked by: "SocialNetwork.API (11844)" [E:\PersonalProject\SocialNetwork\MiniSocialNetwork\SocialNetwork.API\SocialNetwork.API.csproj]
C:\Program Files\dotnet\sdk\9.0.306\Microsoft.Common.CurrentVersion.targets(5093,5): warning MSB3026: Could not copy "E:\PersonalProject\SocialNetwork\MiniSocialNetwork\SocialNetwork.Infrastructure\bin\Debug\net8.0\SocialNetwork.Infrastructure.dll" to "bin\Debug\net8.0\SocialNetwork.Infrastructure.dll". Beginning retry 1 in 1000ms. The process cannot access the file 'E:\PersonalProject\SocialNetwork\MiniSocialNetwork\SocialNetwork.API\bin\Debug\net8.0\SocialNetwork.Infrastructure.dll' because it is being used by another process. The file is locked by: "Microsoft Visual Studio 2022 (17192), SocialNetwork.API (11844)" [E:\PersonalProject\SocialNetwork\MiniSocialNetwork\SocialNetwork.API\SocialNetwork.API.csproj]
C:\Program Files\dotnet\sdk\9.0.306\Microsoft.Common.CurrentVersion.targets(5093,5): warning MSB3026: Could not copy "E:\PersonalProject\SocialNetwork\MiniSocialNetwork\SocialNetwork.Application\bin\Debug\net8.0\SocialNetwork.Application.dll" to "bin\Debug\net8.0\SocialNetwork.Application.dll". Beginning retry 1 in 1000ms. The process cannot access the file 'E:\PersonalProject\SocialNetwork\MiniSocialNetwork\SocialNetwork.API\bin\Debug\net8.0\SocialNetwork.Application.dll' because it is being used by another process. The file is locked by: "Microsoft Visual Studio 2022 (17192), SocialNetwork.API (11844)" [E:\PersonalProject\SocialNetwork\MiniSocialNetwork\SocialNetwork.API\SocialNetwork.API.csproj]
C:\Program Files\dotnet\sdk\9.0.306\Microsoft.Common.CurrentVersion.targets(5093,5): warning MSB3026: Could not copy "E:\PersonalProject\SocialNetwork\MiniSocialNetwork\SocialNetwork.Domain\bin\Debug\net8.0\SocialNetwork.Domain.dll" to "bin\Debug\net8.0\SocialNetwork.Domain.dll". Beginning retry 2 in 1000ms. The process cannot access the file 'E:\PersonalProject\SocialNetwork\MiniSocialNetwork\SocialNetwork.API\bin\Debug\net8.0\SocialNetwork.Domain.dll' because it is being used by another process. The file is locked by: "SocialNetwork.API (11844)" [E:\PersonalProject\SocialNetwork\MiniSocialNetwork\SocialNetwork.API\SocialNetwork.API.csproj]
C:\Program Files\dotnet\sdk\9.0.306\Microsoft.Common.CurrentVersion.targets(5093,5): warning MSB3026: Could not copy "E:\PersonalProject\SocialNetwork\MiniSocialNetwork\SocialNetwork.Infrastructure\bin\Debug\net8.0\SocialNetwork.Infrastructure.dll" to "bin\Debug\net8.0\SocialNetwork.Infrastructure.dll". Beginning retry 2 in 1000ms. The process cannot access the file 'E:\PersonalProject\SocialNetwork\MiniSocialNetwork\SocialNetwork.API\bin\Debug\net8.0\SocialNetwork.Infrastructure.dll' because it is being used by another process. The file is locked by: "Microsoft Visual Studio 2022 (17192), SocialNetwork.API (11844)" [E:\PersonalProject\SocialNetwork\MiniSocialNetwork\SocialNetwork.API\SocialNetwork.API.csproj]
C:\Program Files\dotnet\sdk\9.0.306\Microsoft.Common.CurrentVersion.targets(5093,5): warning MSB3026: Could not copy "E:\PersonalProject\SocialNetwork\MiniSocialNetwork\SocialNetwork.Application\bin\Debug\net8.0\SocialNetwork.Application.dll" to "bin\Debug\net8.0\SocialNetwork.Application.dll". Beginning retry 2 in 1000ms. The process cannot access the file 'E:\PersonalProject\SocialNetwork\MiniSocialNetwork\SocialNetwork.API\bin\Debug\net8.0\SocialNetwork.Application.dll' because it is being used by another process. The file is locked by: "Microsoft Visual Studio 2022 (17192), SocialNetwork.API (11844)" [E:\PersonalProject\SocialNetwork\MiniSocialNetwork\SocialNetwork.API\SocialNetwork.API.csproj]
C:\Program Files\dotnet\sdk\9.0.306\Microsoft.Common.CurrentVersion.targets(5093,5): warning MSB3026: Could not copy "E:\PersonalProject\SocialNetwork\MiniSocialNetwork\SocialNetwork.Domain\bin\Debug\net8.0\SocialNetwork.Domain.dll" to "bin\Debug\net8.0\SocialNetwork.Domain.dll". Beginning retry 3 in 1000ms. The process cannot access the file 'E:\PersonalProject\SocialNetwork\MiniSocialNetwork\SocialNetwork.API\bin\Debug\net8.0\SocialNetwork.Domain.dll' because it is being used by another process. The file is locked by: "SocialNetwork.API (11844)" [E:\PersonalProject\SocialNetwork\MiniSocialNetwork\SocialNetwork.API\SocialNetwork.API.csproj]
C:\Program Files\dotnet\sdk\9.0.306\Microsoft.Common.CurrentVersion.targets(5093,5): warning MSB3026: Could not copy "E:\PersonalProject\SocialNetwork\MiniSocialNetwork\SocialNetwork.Infrastructure\bin\Debug\net8.0\SocialNetwork.Infrastructure.dll" to "bin\Debug\net8.0\SocialNetwork.Infrastructure.dll". Beginning retry 3 in 1000ms. The process cannot access the file 'E:\PersonalProject\SocialNetwork\MiniSocialNetwork\SocialNetwork.API\bin\Debug\net8.0\SocialNetwork.Infrastructure.dll' because it is being used by another process. The file is locked by: "Microsoft Visual Studio 2022 (17192), SocialNetwork.API (11844)" [E:\PersonalProject\SocialNetwork\MiniSocialNetwork\SocialNetwork.API\SocialNetwork.API.csproj]
C:\Program Files\dotnet\sdk\9.0.306\Microsoft.Common.CurrentVersion.targets(5093,5): warning MSB3026: Could not copy "E:\PersonalProject\SocialNetwork\MiniSocialNetwork\SocialNetwork.Application\bin\Debug\net8.0\SocialNetwork.Application.dll" to "bin\Debug\net8.0\SocialNetwork.Application.dll". Beginning retry 3 in 1000ms. The process cannot access the file 'E:\PersonalProject\SocialNetwork\MiniSocialNetwork\SocialNetwork.API\bin\Debug\net8.0\SocialNetwork.Application.dll' because it is being used by another process. The file is locked by: "Microsoft Visual Studio 2022 (17192), SocialNetwork.API (11844)" [E:\PersonalProject\SocialNetwork\MiniSocialNetwork\SocialNetwork.API\SocialNetwork.API.csproj]
C:\Program Files\dotnet\sdk\9.0.306\Microsoft.Common.CurrentVersion.targets(5093,5): warning MSB3026: Could not copy "E:\PersonalProject\SocialNetwork\MiniSocialNetwork\SocialNetwork.Domain\bin\Debug\net8.0\SocialNetwork.Domain.dll" to "bin\Debug\net8.0\SocialNetwork.Domain.dll". Beginning retry 4 in 1000ms. The process cannot access the file 'E:\PersonalProject\SocialNetwork\MiniSocialNetwork\SocialNetwork.API\bin\Debug\net8.0\SocialNetwork.Domain.dll' because it is being used by another process. The file is locked by: "SocialNetwork.API (11844)" [E:\PersonalProject\SocialNetwork\MiniSocialNetwork\SocialNetwork.API\SocialNetwork.API.csproj]
C:\Program Files\dotnet\sdk\9.0.306\Microsoft.Common.CurrentVersion.targets(5093,5): warning MSB3026: Could not copy "E:\PersonalProject\SocialNetwork\MiniSocialNetwork\SocialNetwork.Infrastructure\bin\Debug\net8.0\SocialNetwork.Infrastructure.dll" to "bin\Debug\net8.0\SocialNetwork.Infrastructure.dll". Beginning retry 4 in 1000ms. The process cannot access the file 'E:\PersonalProject\SocialNetwork\MiniSocialNetwork\SocialNetwork.API\bin\Debug\net8.0\SocialNetwork.Infrastructure.dll' because it is being used by another process. The file is locked by: "Microsoft Visual Studio 2022 (17192), SocialNetwork.API (11844)" [E:\PersonalProject\SocialNetwork\MiniSocialNetwork\SocialNetwork.API\SocialNetwork.API.csproj]
C:\Program Files\dotnet\sdk\9.0.306\Microsoft.Common.CurrentVersion.targets(5093,5): warning MSB3026: Could not copy "E:\PersonalProject\SocialNetwork\MiniSocialNetwork\SocialNetwork.Application\bin\Debug\net8.0\SocialNetwork.Application.dll" to "bin\Debug\net8.0\SocialNetwork.Application.dll". Beginning retry 4 in 1000ms. The process cannot access the file 'E:\PersonalProject\SocialNetwork\MiniSocialNetwork\SocialNetwork.API\bin\Debug\net8.0\SocialNetwork.Application.dll' because it is being used by another process. The file is locked by: "Microsoft Visual Studio 2022 (17192), SocialNetwork.API (11844)" [E:\PersonalProject\SocialNetwork\MiniSocialNetwork\SocialNetwork.API\SocialNetwork.API.csproj]
C:\Program Files\dotnet\sdk\9.0.306\Microsoft.Common.CurrentVersion.targets(5093,5): warning MSB3026: Could not copy "E:\PersonalProject\SocialNetwork\MiniSocialNetwork\SocialNetwork.Domain\bin\Debug\net8.0\SocialNetwork.Domain.dll" to "bin\Debug\net8.0\SocialNetwork.Domain.dll". Beginning retry 5 in 1000ms. The process cannot access the file 'E:\PersonalProject\SocialNetwork\MiniSocialNetwork\SocialNetwork.API\bin\Debug\net8.0\SocialNetwork.Domain.dll' because it is being used by another process. The file is locked by: "SocialNetwork.API (11844)" [E:\PersonalProject\SocialNetwork\MiniSocialNetwork\SocialNetwork.API\SocialNetwork.API.csproj]
C:\Program Files\dotnet\sdk\9.0.306\Microsoft.Common.CurrentVersion.targets(5093,5): warning MSB3026: Could not copy "E:\PersonalProject\SocialNetwork\MiniSocialNetwork\SocialNetwork.Infrastructure\bin\Debug\net8.0\SocialNetwork.Infrastructure.dll" to "bin\Debug\net8.0\SocialNetwork.Infrastructure.dll". Beginning retry 5 in 1000ms. The process cannot access the file 'E:\PersonalProject\SocialNetwork\MiniSocialNetwork\SocialNetwork.API\bin\Debug\net8.0\SocialNetwork.Infrastructure.dll' because it is being used by another process. The file is locked by: "Microsoft Visual Studio 2022 (17192), SocialNetwork.API (11844)" [E:\PersonalProject\SocialNetwork\MiniSocialNetwork\SocialNetwork.API\SocialNetwork.API.csproj]
C:\Program Files\dotnet\sdk\9.0.306\Microsoft.Common.CurrentVersion.targets(5093,5): warning MSB3026: Could not copy "E:\PersonalProject\SocialNetwork\MiniSocialNetwork\SocialNetwork.Application\bin\Debug\net8.0\SocialNetwork.Application.dll" to "bin\Debug\net8.0\SocialNetwork.Application.dll". Beginning retry 5 in 1000ms. The process cannot access the file 'E:\PersonalProject\SocialNetwork\MiniSocialNetwork\SocialNetwork.API\bin\Debug\net8.0\SocialNetwork.Application.dll' because it is being used by another process. The file is locked by: "Microsoft Visual Studio 2022 (17192), SocialNetwork.API (11844)" [E:\PersonalProject\SocialNetwork\MiniSocialNetwork\SocialNetwork.API\SocialNetwork.API.csproj]
C:\Program Files\dotnet\sdk\9.0.306\Microsoft.Common.CurrentVersion.targets(5093,5): warning MSB3026: Could not copy "E:\PersonalProject\SocialNetwork\MiniSocialNetwork\SocialNetwork.Domain\bin\Debug\net8.0\SocialNetwork.Domain.dll" to "bin\Debug\net8.0\SocialNetwork.Domain.dll". Beginning retry 6 in 1000ms. The process cannot access the file 'E:\PersonalProject\SocialNetwork\MiniSocialNetwork\SocialNetwork.API\bin\Debug\net8.0\SocialNetwork.Domain.dll' because it is being used by another process. The file is locked by: "SocialNetwork.API (11844)" [E:\PersonalProject\SocialNetwork\MiniSocialNetwork\SocialNetwork.API\SocialNetwork.API.csproj]
C:\Program Files\dotnet\sdk\9.0.306\Microsoft.Common.CurrentVersion.targets(5093,5): warning MSB3026: Could not copy "E:\PersonalProject\SocialNetwork\MiniSocialNetwork\SocialNetwork.Infrastructure\bin\Debug\net8.0\SocialNetwork.Infrastructure.dll" to "bin\Debug\net8.0\SocialNetwork.Infrastructure.dll". Beginning retry 6 in 1000ms. The process cannot access the file 'E:\PersonalProject\SocialNetwork\MiniSocialNetwork\SocialNetwork.API\bin\Debug\net8.0\SocialNetwork.Infrastructure.dll' because it is being used by another process. The file is locked by: "Microsoft Visual Studio 2022 (17192), SocialNetwork.API (11844)" [E:\PersonalProject\SocialNetwork\MiniSocialNetwork\SocialNetwork.API\SocialNetwork.API.csproj]
C:\Program Files\dotnet\sdk\9.0.306\Microsoft.Common.CurrentVersion.targets(5093,5): warning MSB3026: Could not copy "E:\PersonalProject\SocialNetwork\MiniSocialNetwork\SocialNetwork.Application\bin\Debug\net8.0\SocialNetwork.Application.dll" to "bin\Debug\net8.0\SocialNetwork.Application.dll". Beginning retry 6 in 1000ms. The process cannot access the file 'E:\PersonalProject\SocialNetwork\MiniSocialNetwork\SocialNetwork.API\bin\Debug\net8.0\SocialNetwork.Application.dll' because it is being used by another process. The file is locked by: "Microsoft Visual Studio 2022 (17192), SocialNetwork.API (11844)" [E:\PersonalProject\SocialNetwork\MiniSocialNetwork\SocialNetwork.API\SocialNetwork.API.csproj]
C:\Program Files\dotnet\sdk\9.0.306\Microsoft.Common.CurrentVersion.targets(5093,5): warning MSB3026: Could not copy "E:\PersonalProject\SocialNetwork\MiniSocialNetwork\SocialNetwork.Domain\bin\Debug\net8.0\SocialNetwork.Domain.dll" to "bin\Debug\net8.0\SocialNetwork.Domain.dll". Beginning retry 7 in 1000ms. The process cannot access the file 'E:\PersonalProject\SocialNetwork\MiniSocialNetwork\SocialNetwork.API\bin\Debug\net8.0\SocialNetwork.Domain.dll' because it is being used by another process. The file is locked by: "SocialNetwork.API (11844)" [E:\PersonalProject\SocialNetwork\MiniSocialNetwork\SocialNetwork.API\SocialNetwork.API.csproj]
C:\Program Files\dotnet\sdk\9.0.306\Microsoft.Common.CurrentVersion.targets(5093,5): warning MSB3026: Could not copy "E:\PersonalProject\SocialNetwork\MiniSocialNetwork\SocialNetwork.Infrastructure\bin\Debug\net8.0\SocialNetwork.Infrastructure.dll" to "bin\Debug\net8.0\SocialNetwork.Infrastructure.dll". Beginning retry 7 in 1000ms. The process cannot access the file 'E:\PersonalProject\SocialNetwork\MiniSocialNetwork\SocialNetwork.API\bin\Debug\net8.0\SocialNetwork.Infrastructure.dll' because it is being used by another process. The file is locked by: "Microsoft Visual Studio 2022 (17192), SocialNetwork.API (11844)" [E:\PersonalProject\SocialNetwork\MiniSocialNetwork\SocialNetwork.API\SocialNetwork.API.csproj]
C:\Program Files\dotnet\sdk\9.0.306\Microsoft.Common.CurrentVersion.targets(5093,5): warning MSB3026: Could not copy "E:\PersonalProject\SocialNetwork\MiniSocialNetwork\SocialNetwork.Application\bin\Debug\net8.0\SocialNetwork.Application.dll" to "bin\Debug\net8.0\SocialNetwork.Application.dll". Beginning retry 7 in 1000ms. The process cannot access the file 'E:\PersonalProject\SocialNetwork\MiniSocialNetwork\SocialNetwork.API\bin\Debug\net8.0\SocialNetwork.Application.dll' because it is being used by another process. The file is locked by: "Microsoft Visual Studio 2022 (17192), SocialNetwork.API (11844)" [E:\PersonalProject\SocialNetwork\MiniSocialNetwork\SocialNetwork.API\SocialNetwork.API.csproj]
C:\Program Files\dotnet\sdk\9.0.306\Microsoft.Common.CurrentVersion.targets(5093,5): warning MSB3026: Could not copy "E:\PersonalProject\SocialNetwork\MiniSocialNetwork\SocialNetwork.Domain\bin\Debug\net8.0\SocialNetwork.Domain.dll" to "bin\Debug\net8.0\SocialNetwork.Domain.dll". Beginning retry 8 in 1000ms. The process cannot access the file 'E:\PersonalProject\SocialNetwork\MiniSocialNetwork\SocialNetwork.API\bin\Debug\net8.0\SocialNetwork.Domain.dll' because it is being used by another process. The file is locked by: "SocialNetwork.API (11844)" [E:\PersonalProject\SocialNetwork\MiniSocialNetwork\SocialNetwork.API\SocialNetwork.API.csproj]
C:\Program Files\dotnet\sdk\9.0.306\Microsoft.Common.CurrentVersion.targets(5093,5): warning MSB3026: Could not copy "E:\PersonalProject\SocialNetwork\MiniSocialNetwork\SocialNetwork.Infrastructure\bin\Debug\net8.0\SocialNetwork.Infrastructure.dll" to "bin\Debug\net8.0\SocialNetwork.Infrastructure.dll". Beginning retry 8 in 1000ms. The process cannot access the file 'E:\PersonalProject\SocialNetwork\MiniSocialNetwork\SocialNetwork.API\bin\Debug\net8.0\SocialNetwork.Infrastructure.dll' because it is being used by another process. The file is locked by: "Microsoft Visual Studio 2022 (17192), SocialNetwork.API (11844)" [E:\PersonalProject\SocialNetwork\MiniSocialNetwork\SocialNetwork.API\SocialNetwork.API.csproj]
C:\Program Files\dotnet\sdk\9.0.306\Microsoft.Common.CurrentVersion.targets(5093,5): warning MSB3026: Could not copy "E:\PersonalProject\SocialNetwork\MiniSocialNetwork\SocialNetwork.Application\bin\Debug\net8.0\SocialNetwork.Application.dll" to "bin\Debug\net8.0\SocialNetwork.Application.dll". Beginning retry 8 in 1000ms. The process cannot access the file 'E:\PersonalProject\SocialNetwork\MiniSocialNetwork\SocialNetwork.API\bin\Debug\net8.0\SocialNetwork.Application.dll' because it is being used by another process. The file is locked by: "Microsoft Visual Studio 2022 (17192), SocialNetwork.API (11844)" [E:\PersonalProject\SocialNetwork\MiniSocialNetwork\SocialNetwork.API\SocialNetwork.API.csproj]
C:\Program Files\dotnet\sdk\9.0.306\Microsoft.Common.CurrentVersion.targets(5093,5): warning MSB3026: Could not copy "E:\PersonalProject\SocialNetwork\MiniSocialNetwork\SocialNetwork.Domain\bin\Debug\net8.0\SocialNetwork.Domain.dll" to "bin\Debug\net8.0\SocialNetwork.Domain.dll". Beginning retry 9 in 1000ms. The process cannot access the file 'E:\PersonalProject\SocialNetwork\MiniSocialNetwork\SocialNetwork.API\bin\Debug\net8.0\SocialNetwork.Domain.dll' because it is being used by another process. The file is locked by: "SocialNetwork.API (11844)" [E:\PersonalProject\SocialNetwork\MiniSocialNetwork\SocialNetwork.API\SocialNetwork.API.csproj]
C:\Program Files\dotnet\sdk\9.0.306\Microsoft.Common.CurrentVersion.targets(5093,5): warning MSB3026: Could not copy "E:\PersonalProject\SocialNetwork\MiniSocialNetwork\SocialNetwork.Infrastructure\bin\Debug\net8.0\SocialNetwork.Infrastructure.dll" to "bin\Debug\net8.0\SocialNetwork.Infrastructure.dll". Beginning retry 9 in 1000ms. The process cannot access the file 'E:\PersonalProject\SocialNetwork\MiniSocialNetwork\SocialNetwork.API\bin\Debug\net8.0\SocialNetwork.Infrastructure.dll' because it is being used by another process. The file is locked by: "Microsoft Visual Studio 2022 (17192), SocialNetwork.API (11844)" [E:\PersonalProject\SocialNetwork\MiniSocialNetwork\SocialNetwork.API\SocialNetwork.API.csproj]
C:\Program Files\dotnet\sdk\9.0.306\Microsoft.Common.CurrentVersion.targets(5093,5): warning MSB3026: Could not copy "E:\PersonalProject\SocialNetwork\MiniSocialNetwork\SocialNetwork.Application\bin\Debug\net8.0\SocialNetwork.Application.dll" to "bin\Debug\net8.0\SocialNetwork.Application.dll". Beginning retry 9 in 1000ms. The process cannot access the file 'E:\PersonalProject\SocialNetwork\MiniSocialNetwork\SocialNetwork.API\bin\Debug\net8.0\SocialNetwork.Application.dll' because it is being used by another process. The file is locked by: "Microsoft Visual Studio 2022 (17192), SocialNetwork.API (11844)" [E:\PersonalProject\SocialNetwork\MiniSocialNetwork\SocialNetwork.API\SocialNetwork.API.csproj]
C:\Program Files\dotnet\sdk\9.0.306\Microsoft.Common.CurrentVersion.targets(5093,5): warning MSB3026: Could not copy "E:\PersonalProject\SocialNetwork\MiniSocialNetwork\SocialNetwork.Domain\bin\Debug\net8.0\SocialNetwork.Domain.dll" to "bin\Debug\net8.0\SocialNetwork.Domain.dll". Beginning retry 10 in 1000ms. The process cannot access the file 'E:\PersonalProject\SocialNetwork\MiniSocialNetwork\SocialNetwork.API\bin\Debug\net8.0\SocialNetwork.Domain.dll' because it is being used by another process. The file is locked by: "SocialNetwork.API (11844)" [E:\PersonalProject\SocialNetwork\MiniSocialNetwork\SocialNetwork.API\SocialNetwork.API.csproj]
C:\Program Files\dotnet\sdk\9.0.306\Microsoft.Common.CurrentVersion.targets(5093,5): warning MSB3026: Could not copy "E:\PersonalProject\SocialNetwork\MiniSocialNetwork\SocialNetwork.Infrastructure\bin\Debug\net8.0\SocialNetwork.Infrastructure.dll" to "bin\Debug\net8.0\SocialNetwork.Infrastructure.dll". Beginning retry 10 in 1000ms. The process cannot access the file 'E:\PersonalProject\SocialNetwork\MiniSocialNetwork\SocialNetwork.API\bin\Debug\net8.0\SocialNetwork.Infrastructure.dll' because it is being used by another process. The file is locked by: "Microsoft Visual Studio 2022 (17192), SocialNetwork.API (11844)" [E:\PersonalProject\SocialNetwork\MiniSocialNetwork\SocialNetwork.API\SocialNetwork.API.csproj]
C:\Program Files\dotnet\sdk\9.0.306\Microsoft.Common.CurrentVersion.targets(5093,5): warning MSB3026: Could not copy "E:\PersonalProject\SocialNetwork\MiniSocialNetwork\SocialNetwork.Application\bin\Debug\net8.0\SocialNetwork.Application.dll" to "bin\Debug\net8.0\SocialNetwork.Application.dll". Beginning retry 10 in 1000ms. The process cannot access the file 'E:\PersonalProject\SocialNetwork\MiniSocialNetwork\SocialNetwork.API\bin\Debug\net8.0\SocialNetwork.Application.dll' because it is being used by another process. The file is locked by: "Microsoft Visual Studio 2022 (17192), SocialNetwork.API (11844)" [E:\PersonalProject\SocialNetwork\MiniSocialNetwork\SocialNetwork.API\SocialNetwork.API.csproj]
C:\Program Files\dotnet\sdk\9.0.306\Microsoft.Common.CurrentVersion.targets(5093,5): error MSB3027: Could not copy "E:\PersonalProject\SocialNetwork\MiniSocialNetwork\SocialNetwork.Domain\bin\Debug\net8.0\SocialNetwork.Domain.dll" to "bin\Debug\net8.0\SocialNetwork.Domain.dll". Exceeded retry count of 10. Failed. The file is locked by: "SocialNetwork.API (11844)" [E:\PersonalProject\SocialNetwork\MiniSocialNetwork\SocialNetwork.API\SocialNetwork.API.csproj]
C:\Program Files\dotnet\sdk\9.0.306\Microsoft.Common.CurrentVersion.targets(5093,5): error MSB3021: Unable to copy file "E:\PersonalProject\SocialNetwork\MiniSocialNetwork\SocialNetwork.Domain\bin\Debug\net8.0\SocialNetwork.Domain.dll" to "bin\Debug\net8.0\SocialNetwork.Domain.dll". The process cannot access the file 'E:\PersonalProject\SocialNetwork\MiniSocialNetwork\SocialNetwork.API\bin\Debug\net8.0\SocialNetwork.Domain.dll' because it is being used by another process. [E:\PersonalProject\SocialNetwork\MiniSocialNetwork\SocialNetwork.API\SocialNetwork.API.csproj]
C:\Program Files\dotnet\sdk\9.0.306\Microsoft.Common.CurrentVersion.targets(5093,5): error MSB3027: Could not copy "E:\PersonalProject\SocialNetwork\MiniSocialNetwork\SocialNetwork.Infrastructure\bin\Debug\net8.0\SocialNetwork.Infrastructure.dll" to "bin\Debug\net8.0\SocialNetwork.Infrastructure.dll". Exceeded retry count of 10. Failed. The file is locked by: "Microsoft Visual Studio 2022 (17192), SocialNetwork.API (11844)" [E:\PersonalProject\SocialNetwork\MiniSocialNetwork\SocialNetwork.API\SocialNetwork.API.csproj]
C:\Program Files\dotnet\sdk\9.0.306\Microsoft.Common.CurrentVersion.targets(5093,5): error MSB3021: Unable to copy file "E:\PersonalProject\SocialNetwork\MiniSocialNetwork\SocialNetwork.Infrastructure\bin\Debug\net8.0\SocialNetwork.Infrastructure.dll" to "bin\Debug\net8.0\SocialNetwork.Infrastructure.dll". The process cannot access the file 'E:\PersonalProject\SocialNetwork\MiniSocialNetwork\SocialNetwork.API\bin\Debug\net8.0\SocialNetwork.Infrastructure.dll' because it is being used by another process. [E:\PersonalProject\SocialNetwork\MiniSocialNetwork\SocialNetwork.API\SocialNetwork.API.csproj]
C:\Program Files\dotnet\sdk\9.0.306\Microsoft.Common.CurrentVersion.targets(5093,5): error MSB3027: Could not copy "E:\PersonalProject\SocialNetwork\MiniSocialNetwork\SocialNetwork.Application\bin\Debug\net8.0\SocialNetwork.Application.dll" to "bin\Debug\net8.0\SocialNetwork.Application.dll". Exceeded retry count of 10. Failed. The file is locked by: "Microsoft Visual Studio 2022 (17192), SocialNetwork.API (11844)" [E:\PersonalProject\SocialNetwork\MiniSocialNetwork\SocialNetwork.API\SocialNetwork.API.csproj]
C:\Program Files\dotnet\sdk\9.0.306\Microsoft.Common.CurrentVersion.targets(5093,5): error MSB3021: Unable to copy file "E:\PersonalProject\SocialNetwork\MiniSocialNetwork\SocialNetwork.Application\bin\Debug\net8.0\SocialNetwork.Application.dll" to "bin\Debug\net8.0\SocialNetwork.Application.dll". The process cannot access the file 'E:\PersonalProject\SocialNetwork\MiniSocialNetwork\SocialNetwork.API\bin\Debug\net8.0\SocialNetwork.Application.dll' because it is being used by another process. [E:\PersonalProject\SocialNetwork\MiniSocialNetwork\SocialNetwork.API\SocialNetwork.API.csproj]

Build FAILED.

C:\Program Files\dotnet\sdk\9.0.306\Microsoft.Common.CurrentVersion.targets(5093,5): warning MSB3026: Could not copy "E:\PersonalProject\SocialNetwork\MiniSocialNetwork\SocialNetwork.Domain\bin\Debug\net8.0\SocialNetwork.Domain.dll" to "bin\Debug\net8.0\SocialNetwork.Domain.dll". Beginning retry 1 in 1000ms. The process cannot access the file 'E:\PersonalProject\SocialNetwork\MiniSocialNetwork\SocialNetwork.API\bin\Debug\net8.0\SocialNetwork.Domain.dll' because it is being used by another process. The file is locked by: "SocialNetwork.API (11844)" [E:\PersonalProject\SocialNetwork\MiniSocialNetwork\SocialNetwork.API\SocialNetwork.API.csproj]
C:\Program Files\dotnet\sdk\9.0.306\Microsoft.Common.CurrentVersion.targets(5093,5): warning MSB3026: Could not copy "E:\PersonalProject\SocialNetwork\MiniSocialNetwork\SocialNetwork.Infrastructure\bin\Debug\net8.0\SocialNetwork.Infrastructure.dll" to "bin\Debug\net8.0\SocialNetwork.Infrastructure.dll". Beginning retry 1 in 1000ms. The process cannot access the file 'E:\PersonalProject\SocialNetwork\MiniSocialNetwork\SocialNetwork.API\bin\Debug\net8.0\SocialNetwork.Infrastructure.dll' because it is being used by another process. The file is locked by: "Microsoft Visual Studio 2022 (17192), SocialNetwork.API (11844)" [E:\PersonalProject\SocialNetwork\MiniSocialNetwork\SocialNetwork.API\SocialNetwork.API.csproj]
C:\Program Files\dotnet\sdk\9.0.306\Microsoft.Common.CurrentVersion.targets(5093,5): warning MSB3026: Could not copy "E:\PersonalProject\SocialNetwork\MiniSocialNetwork\SocialNetwork.Application\bin\Debug\net8.0\SocialNetwork.Application.dll" to "bin\Debug\net8.0\SocialNetwork.Application.dll". Beginning retry 1 in 1000ms. The process cannot access the file 'E:\PersonalProject\SocialNetwork\MiniSocialNetwork\SocialNetwork.API\bin\Debug\net8.0\SocialNetwork.Application.dll' because it is being used by another process. The file is locked by: "Microsoft Visual Studio 2022 (17192), SocialNetwork.API (11844)" [E:\PersonalProject\SocialNetwork\MiniSocialNetwork\SocialNetwork.API\SocialNetwork.API.csproj]
C:\Program Files\dotnet\sdk\9.0.306\Microsoft.Common.CurrentVersion.targets(5093,5): warning MSB3026: Could not copy "E:\PersonalProject\SocialNetwork\MiniSocialNetwork\SocialNetwork.Domain\bin\Debug\net8.0\SocialNetwork.Domain.dll" to "bin\Debug\net8.0\SocialNetwork.Domain.dll". Beginning retry 2 in 1000ms. The process cannot access the file 'E:\PersonalProject\SocialNetwork\MiniSocialNetwork\SocialNetwork.API\bin\Debug\net8.0\SocialNetwork.Domain.dll' because it is being used by another process. The file is locked by: "SocialNetwork.API (11844)" [E:\PersonalProject\SocialNetwork\MiniSocialNetwork\SocialNetwork.API\SocialNetwork.API.csproj]
C:\Program Files\dotnet\sdk\9.0.306\Microsoft.Common.CurrentVersion.targets(5093,5): warning MSB3026: Could not copy "E:\PersonalProject\SocialNetwork\MiniSocialNetwork\SocialNetwork.Infrastructure\bin\Debug\net8.0\SocialNetwork.Infrastructure.dll" to "bin\Debug\net8.0\SocialNetwork.Infrastructure.dll". Beginning retry 2 in 1000ms. The process cannot access the file 'E:\PersonalProject\SocialNetwork\MiniSocialNetwork\SocialNetwork.API\bin\Debug\net8.0\SocialNetwork.Infrastructure.dll' because it is being used by another process. The file is locked by: "Microsoft Visual Studio 2022 (17192), SocialNetwork.API (11844)" [E:\PersonalProject\SocialNetwork\MiniSocialNetwork\SocialNetwork.API\SocialNetwork.API.csproj]
C:\Program Files\dotnet\sdk\9.0.306\Microsoft.Common.CurrentVersion.targets(5093,5): warning MSB3026: Could not copy "E:\PersonalProject\SocialNetwork\MiniSocialNetwork\SocialNetwork.Application\bin\Debug\net8.0\SocialNetwork.Application.dll" to "bin\Debug\net8.0\SocialNetwork.Application.dll". Beginning retry 2 in 1000ms. The process cannot access the file 'E:\PersonalProject\SocialNetwork\MiniSocialNetwork\SocialNetwork.API\bin\Debug\net8.0\SocialNetwork.Application.dll' because it is being used by another process. The file is locked by: "Microsoft Visual Studio 2022 (17192), SocialNetwork.API (11844)" [E:\PersonalProject\SocialNetwork\MiniSocialNetwork\SocialNetwork.API\SocialNetwork.API.csproj]
C:\Program Files\dotnet\sdk\9.0.306\Microsoft.Common.CurrentVersion.targets(5093,5): warning MSB3026: Could not copy "E:\PersonalProject\SocialNetwork\MiniSocialNetwork\SocialNetwork.Domain\bin\Debug\net8.0\SocialNetwork.Domain.dll" to "bin\Debug\net8.0\SocialNetwork.Domain.dll". Beginning retry 3 in 1000ms. The process cannot access the file 'E:\PersonalProject\SocialNetwork\MiniSocialNetwork\SocialNetwork.API\bin\Debug\net8.0\SocialNetwork.Domain.dll' because it is being used by another process. The file is locked by: "SocialNetwork.API (11844)" [E:\PersonalProject\SocialNetwork\MiniSocialNetwork\SocialNetwork.API\SocialNetwork.API.csproj]
C:\Program Files\dotnet\sdk\9.0.306\Microsoft.Common.CurrentVersion.targets(5093,5): warning MSB3026: Could not copy "E:\PersonalProject\SocialNetwork\MiniSocialNetwork\SocialNetwork.Infrastructure\bin\Debug\net8.0\SocialNetwork.Infrastructure.dll" to "bin\Debug\net8.0\SocialNetwork.Infrastructure.dll". Beginning retry 3 in 1000ms. The process cannot access the file 'E:\PersonalProject\SocialNetwork\MiniSocialNetwork\SocialNetwork.API\bin\Debug\net8.0\SocialNetwork.Infrastructure.dll' because it is being used by another process. The file is locked by: "Microsoft Visual Studio 2022 (17192), SocialNetwork.API (11844)" [E:\PersonalProject\SocialNetwork\MiniSocialNetwork\SocialNetwork.API\SocialNetwork.API.csproj]
C:\Program Files\dotnet\sdk\9.0.306\Microsoft.Common.CurrentVersion.targets(5093,5): warning MSB3026: Could not copy "E:\PersonalProject\SocialNetwork\MiniSocialNetwork\SocialNetwork.Application\bin\Debug\net8.0\SocialNetwork.Application.dll" to "bin\Debug\net8.0\SocialNetwork.Application.dll". Beginning retry 3 in 1000ms. The process cannot access the file 'E:\PersonalProject\SocialNetwork\MiniSocialNetwork\SocialNetwork.API\bin\Debug\net8.0\SocialNetwork.Application.dll' because it is being used by another process. The file is locked by: "Microsoft Visual Studio 2022 (17192), SocialNetwork.API (11844)" [E:\PersonalProject\SocialNetwork\MiniSocialNetwork\SocialNetwork.API\SocialNetwork.API.csproj]
C:\Program Files\dotnet\sdk\9.0.306\Microsoft.Common.CurrentVersion.targets(5093,5): warning MSB3026: Could not copy "E:\PersonalProject\SocialNetwork\MiniSocialNetwork\SocialNetwork.Domain\bin\Debug\net8.0\SocialNetwork.Domain.dll" to "bin\Debug\net8.0\SocialNetwork.Domain.dll". Beginning retry 4 in 1000ms. The process cannot access the file 'E:\PersonalProject\SocialNetwork\MiniSocialNetwork\SocialNetwork.API\bin\Debug\net8.0\SocialNetwork.Domain.dll' because it is being used by another process. The file is locked by: "SocialNetwork.API (11844)" [E:\PersonalProject\SocialNetwork\MiniSocialNetwork\SocialNetwork.API\SocialNetwork.API.csproj]
C:\Program Files\dotnet\sdk\9.0.306\Microsoft.Common.CurrentVersion.targets(5093,5): warning MSB3026: Could not copy "E:\PersonalProject\SocialNetwork\MiniSocialNetwork\SocialNetwork.Infrastructure\bin\Debug\net8.0\SocialNetwork.Infrastructure.dll" to "bin\Debug\net8.0\SocialNetwork.Infrastructure.dll". Beginning retry 4 in 1000ms. The process cannot access the file 'E:\PersonalProject\SocialNetwork\MiniSocialNetwork\SocialNetwork.API\bin\Debug\net8.0\SocialNetwork.Infrastructure.dll' because it is being used by another process. The file is locked by: "Microsoft Visual Studio 2022 (17192), SocialNetwork.API (11844)" [E:\PersonalProject\SocialNetwork\MiniSocialNetwork\SocialNetwork.API\SocialNetwork.API.csproj]
C:\Program Files\dotnet\sdk\9.0.306\Microsoft.Common.CurrentVersion.targets(5093,5): warning MSB3026: Could not copy "E:\PersonalProject\SocialNetwork\MiniSocialNetwork\SocialNetwork.Application\bin\Debug\net8.0\SocialNetwork.Application.dll" to "bin\Debug\net8.0\SocialNetwork.Application.dll". Beginning retry 4 in 1000ms. The process cannot access the file 'E:\PersonalProject\SocialNetwork\MiniSocialNetwork\SocialNetwork.API\bin\Debug\net8.0\SocialNetwork.Application.dll' because it is being used by another process. The file is locked by: "Microsoft Visual Studio 2022 (17192), SocialNetwork.API (11844)" [E:\PersonalProject\SocialNetwork\MiniSocialNetwork\SocialNetwork.API\SocialNetwork.API.csproj]
C:\Program Files\dotnet\sdk\9.0.306\Microsoft.Common.CurrentVersion.targets(5093,5): warning MSB3026: Could not copy "E:\PersonalProject\SocialNetwork\MiniSocialNetwork\SocialNetwork.Domain\bin\Debug\net8.0\SocialNetwork.Domain.dll" to "bin\Debug\net8.0\SocialNetwork.Domain.dll". Beginning retry 5 in 1000ms. The process cannot access the file 'E:\PersonalProject\SocialNetwork\MiniSocialNetwork\SocialNetwork.API\bin\Debug\net8.0\SocialNetwork.Domain.dll' because it is being used by another process. The file is locked by: "SocialNetwork.API (11844)" [E:\PersonalProject\SocialNetwork\MiniSocialNetwork\SocialNetwork.API\SocialNetwork.API.csproj]
C:\Program Files\dotnet\sdk\9.0.306\Microsoft.Common.CurrentVersion.targets(5093,5): warning MSB3026: Could not copy "E:\PersonalProject\SocialNetwork\MiniSocialNetwork\SocialNetwork.Infrastructure\bin\Debug\net8.0\SocialNetwork.Infrastructure.dll" to "bin\Debug\net8.0\SocialNetwork.Infrastructure.dll". Beginning retry 5 in 1000ms. The process cannot access the file 'E:\PersonalProject\SocialNetwork\MiniSocialNetwork\SocialNetwork.API\bin\Debug\net8.0\SocialNetwork.Infrastructure.dll' because it is being used by another process. The file is locked by: "Microsoft Visual Studio 2022 (17192), SocialNetwork.API (11844)" [E:\PersonalProject\SocialNetwork\MiniSocialNetwork\SocialNetwork.API\SocialNetwork.API.csproj]
C:\Program Files\dotnet\sdk\9.0.306\Microsoft.Common.CurrentVersion.targets(5093,5): warning MSB3026: Could not copy "E:\PersonalProject\SocialNetwork\MiniSocialNetwork\SocialNetwork.Application\bin\Debug\net8.0\SocialNetwork.Application.dll" to "bin\Debug\net8.0\SocialNetwork.Application.dll". Beginning retry 5 in 1000ms. The process cannot access the file 'E:\PersonalProject\SocialNetwork\MiniSocialNetwork\SocialNetwork.API\bin\Debug\net8.0\SocialNetwork.Application.dll' because it is being used by another process. The file is locked by: "Microsoft Visual Studio 2022 (17192), SocialNetwork.API (11844)" [E:\PersonalProject\SocialNetwork\MiniSocialNetwork\SocialNetwork.API\SocialNetwork.API.csproj]
C:\Program Files\dotnet\sdk\9.0.306\Microsoft.Common.CurrentVersion.targets(5093,5): warning MSB3026: Could not copy "E:\PersonalProject\SocialNetwork\MiniSocialNetwork\SocialNetwork.Domain\bin\Debug\net8.0\SocialNetwork.Domain.dll" to "bin\Debug\net8.0\SocialNetwork.Domain.dll". Beginning retry 6 in 1000ms. The process cannot access the file 'E:\PersonalProject\SocialNetwork\MiniSocialNetwork\SocialNetwork.API\bin\Debug\net8.0\SocialNetwork.Domain.dll' because it is being used by another process. The file is locked by: "SocialNetwork.API (11844)" [E:\PersonalProject\SocialNetwork\MiniSocialNetwork\SocialNetwork.API\SocialNetwork.API.csproj]
C:\Program Files\dotnet\sdk\9.0.306\Microsoft.Common.CurrentVersion.targets(5093,5): warning MSB3026: Could not copy "E:\PersonalProject\SocialNetwork\MiniSocialNetwork\SocialNetwork.Infrastructure\bin\Debug\net8.0\SocialNetwork.Infrastructure.dll" to "bin\Debug\net8.0\SocialNetwork.Infrastructure.dll". Beginning retry 6 in 1000ms. The process cannot access the file 'E:\PersonalProject\SocialNetwork\MiniSocialNetwork\SocialNetwork.API\bin\Debug\net8.0\SocialNetwork.Infrastructure.dll' because it is being used by another process. The file is locked by: "Microsoft Visual Studio 2022 (17192), SocialNetwork.API (11844)" [E:\PersonalProject\SocialNetwork\MiniSocialNetwork\SocialNetwork.API\SocialNetwork.API.csproj]
C:\Program Files\dotnet\sdk\9.0.306\Microsoft.Common.CurrentVersion.targets(5093,5): warning MSB3026: Could not copy "E:\PersonalProject\SocialNetwork\MiniSocialNetwork\SocialNetwork.Application\bin\Debug\net8.0\SocialNetwork.Application.dll" to "bin\Debug\net8.0\SocialNetwork.Application.dll". Beginning retry 6 in 1000ms. The process cannot access the file 'E:\PersonalProject\SocialNetwork\MiniSocialNetwork\SocialNetwork.API\bin\Debug\net8.0\SocialNetwork.Application.dll' because it is being used by another process. The file is locked by: "Microsoft Visual Studio 2022 (17192), SocialNetwork.API (11844)" [E:\PersonalProject\SocialNetwork\MiniSocialNetwork\SocialNetwork.API\SocialNetwork.API.csproj]
C:\Program Files\dotnet\sdk\9.0.306\Microsoft.Common.CurrentVersion.targets(5093,5): warning MSB3026: Could not copy "E:\PersonalProject\SocialNetwork\MiniSocialNetwork\SocialNetwork.Domain\bin\Debug\net8.0\SocialNetwork.Domain.dll" to "bin\Debug\net8.0\SocialNetwork.Domain.dll". Beginning retry 7 in 1000ms. The process cannot access the file 'E:\PersonalProject\SocialNetwork\MiniSocialNetwork\SocialNetwork.API\bin\Debug\net8.0\SocialNetwork.Domain.dll' because it is being used by another process. The file is locked by: "SocialNetwork.API (11844)" [E:\PersonalProject\SocialNetwork\MiniSocialNetwork\SocialNetwork.API\SocialNetwork.API.csproj]
C:\Program Files\dotnet\sdk\9.0.306\Microsoft.Common.CurrentVersion.targets(5093,5): warning MSB3026: Could not copy "E:\PersonalProject\SocialNetwork\MiniSocialNetwork\SocialNetwork.Infrastructure\bin\Debug\net8.0\SocialNetwork.Infrastructure.dll" to "bin\Debug\net8.0\SocialNetwork.Infrastructure.dll". Beginning retry 7 in 1000ms. The process cannot access the file 'E:\PersonalProject\SocialNetwork\MiniSocialNetwork\SocialNetwork.API\bin\Debug\net8.0\SocialNetwork.Infrastructure.dll' because it is being used by another process. The file is locked by: "Microsoft Visual Studio 2022 (17192), SocialNetwork.API (11844)" [E:\PersonalProject\SocialNetwork\MiniSocialNetwork\SocialNetwork.API\SocialNetwork.API.csproj]
C:\Program Files\dotnet\sdk\9.0.306\Microsoft.Common.CurrentVersion.targets(5093,5): warning MSB3026: Could not copy "E:\PersonalProject\SocialNetwork\MiniSocialNetwork\SocialNetwork.Application\bin\Debug\net8.0\SocialNetwork.Application.dll" to "bin\Debug\net8.0\SocialNetwork.Application.dll". Beginning retry 7 in 1000ms. The process cannot access the file 'E:\PersonalProject\SocialNetwork\MiniSocialNetwork\SocialNetwork.API\bin\Debug\net8.0\SocialNetwork.Application.dll' because it is being used by another process. The file is locked by: "Microsoft Visual Studio 2022 (17192), SocialNetwork.API (11844)" [E:\PersonalProject\SocialNetwork\MiniSocialNetwork\SocialNetwork.API\SocialNetwork.API.csproj]
C:\Program Files\dotnet\sdk\9.0.306\Microsoft.Common.CurrentVersion.targets(5093,5): warning MSB3026: Could not copy "E:\PersonalProject\SocialNetwork\MiniSocialNetwork\SocialNetwork.Domain\bin\Debug\net8.0\SocialNetwork.Domain.dll" to "bin\Debug\net8.0\SocialNetwork.Domain.dll". Beginning retry 8 in 1000ms. The process cannot access the file 'E:\PersonalProject\SocialNetwork\MiniSocialNetwork\SocialNetwork.API\bin\Debug\net8.0\SocialNetwork.Domain.dll' because it is being used by another process. The file is locked by: "SocialNetwork.API (11844)" [E:\PersonalProject\SocialNetwork\MiniSocialNetwork\SocialNetwork.API\SocialNetwork.API.csproj]
C:\Program Files\dotnet\sdk\9.0.306\Microsoft.Common.CurrentVersion.targets(5093,5): warning MSB3026: Could not copy "E:\PersonalProject\SocialNetwork\MiniSocialNetwork\SocialNetwork.Infrastructure\bin\Debug\net8.0\SocialNetwork.Infrastructure.dll" to "bin\Debug\net8.0\SocialNetwork.Infrastructure.dll". Beginning retry 8 in 1000ms. The process cannot access the file 'E:\PersonalProject\SocialNetwork\MiniSocialNetwork\SocialNetwork.API\bin\Debug\net8.0\SocialNetwork.Infrastructure.dll' because it is being used by another process. The file is locked by: "Microsoft Visual Studio 2022 (17192), SocialNetwork.API (11844)" [E:\PersonalProject\SocialNetwork\MiniSocialNetwork\SocialNetwork.API\SocialNetwork.API.csproj]
C:\Program Files\dotnet\sdk\9.0.306\Microsoft.Common.CurrentVersion.targets(5093,5): warning MSB3026: Could not copy "E:\PersonalProject\SocialNetwork\MiniSocialNetwork\SocialNetwork.Application\bin\Debug\net8.0\SocialNetwork.Application.dll" to "bin\Debug\net8.0\SocialNetwork.Application.dll". Beginning retry 8 in 1000ms. The process cannot access the file 'E:\PersonalProject\SocialNetwork\MiniSocialNetwork\SocialNetwork.API\bin\Debug\net8.0\SocialNetwork.Application.dll' because it is being used by another process. The file is locked by: "Microsoft Visual Studio 2022 (17192), SocialNetwork.API (11844)" [E:\PersonalProject\SocialNetwork\MiniSocialNetwork\SocialNetwork.API\SocialNetwork.API.csproj]
C:\Program Files\dotnet\sdk\9.0.306\Microsoft.Common.CurrentVersion.targets(5093,5): warning MSB3026: Could not copy "E:\PersonalProject\SocialNetwork\MiniSocialNetwork\SocialNetwork.Domain\bin\Debug\net8.0\SocialNetwork.Domain.dll" to "bin\Debug\net8.0\SocialNetwork.Domain.dll". Beginning retry 9 in 1000ms. The process cannot access the file 'E:\PersonalProject\SocialNetwork\MiniSocialNetwork\SocialNetwork.API\bin\Debug\net8.0\SocialNetwork.Domain.dll' because it is being used by another process. The file is locked by: "SocialNetwork.API (11844)" [E:\PersonalProject\SocialNetwork\MiniSocialNetwork\SocialNetwork.API\SocialNetwork.API.csproj]
C:\Program Files\dotnet\sdk\9.0.306\Microsoft.Common.CurrentVersion.targets(5093,5): warning MSB3026: Could not copy "E:\PersonalProject\SocialNetwork\MiniSocialNetwork\SocialNetwork.Infrastructure\bin\Debug\net8.0\SocialNetwork.Infrastructure.dll" to "bin\Debug\net8.0\SocialNetwork.Infrastructure.dll". Beginning retry 9 in 1000ms. The process cannot access the file 'E:\PersonalProject\SocialNetwork\MiniSocialNetwork\SocialNetwork.API\bin\Debug\net8.0\SocialNetwork.Infrastructure.dll' because it is being used by another process. The file is locked by: "Microsoft Visual Studio 2022 (17192), SocialNetwork.API (11844)" [E:\PersonalProject\SocialNetwork\MiniSocialNetwork\SocialNetwork.API\SocialNetwork.API.csproj]
C:\Program Files\dotnet\sdk\9.0.306\Microsoft.Common.CurrentVersion.targets(5093,5): warning MSB3026: Could not copy "E:\PersonalProject\SocialNetwork\MiniSocialNetwork\SocialNetwork.Application\bin\Debug\net8.0\SocialNetwork.Application.dll" to "bin\Debug\net8.0\SocialNetwork.Application.dll". Beginning retry 9 in 1000ms. The process cannot access the file 'E:\PersonalProject\SocialNetwork\MiniSocialNetwork\SocialNetwork.API\bin\Debug\net8.0\SocialNetwork.Application.dll' because it is being used by another process. The file is locked by: "Microsoft Visual Studio 2022 (17192), SocialNetwork.API (11844)" [E:\PersonalProject\SocialNetwork\MiniSocialNetwork\SocialNetwork.API\SocialNetwork.API.csproj]
C:\Program Files\dotnet\sdk\9.0.306\Microsoft.Common.CurrentVersion.targets(5093,5): warning MSB3026: Could not copy "E:\PersonalProject\SocialNetwork\MiniSocialNetwork\SocialNetwork.Domain\bin\Debug\net8.0\SocialNetwork.Domain.dll" to "bin\Debug\net8.0\SocialNetwork.Domain.dll". Beginning retry 10 in 1000ms. The process cannot access the file 'E:\PersonalProject\SocialNetwork\MiniSocialNetwork\SocialNetwork.API\bin\Debug\net8.0\SocialNetwork.Domain.dll' because it is being used by another process. The file is locked by: "SocialNetwork.API (11844)" [E:\PersonalProject\SocialNetwork\MiniSocialNetwork\SocialNetwork.API\SocialNetwork.API.csproj]
C:\Program Files\dotnet\sdk\9.0.306\Microsoft.Common.CurrentVersion.targets(5093,5): warning MSB3026: Could not copy "E:\PersonalProject\SocialNetwork\MiniSocialNetwork\SocialNetwork.Infrastructure\bin\Debug\net8.0\SocialNetwork.Infrastructure.dll" to "bin\Debug\net8.0\SocialNetwork.Infrastructure.dll". Beginning retry 10 in 1000ms. The process cannot access the file 'E:\PersonalProject\SocialNetwork\MiniSocialNetwork\SocialNetwork.API\bin\Debug\net8.0\SocialNetwork.Infrastructure.dll' because it is being used by another process. The file is locked by: "Microsoft Visual Studio 2022 (17192), SocialNetwork.API (11844)" [E:\PersonalProject\SocialNetwork\MiniSocialNetwork\SocialNetwork.API\SocialNetwork.API.csproj]
C:\Program Files\dotnet\sdk\9.0.306\Microsoft.Common.CurrentVersion.targets(5093,5): warning MSB3026: Could not copy "E:\PersonalProject\SocialNetwork\MiniSocialNetwork\SocialNetwork.Application\bin\Debug\net8.0\SocialNetwork.Application.dll" to "bin\Debug\net8.0\SocialNetwork.Application.dll". Beginning retry 10 in 1000ms. The process cannot access the file 'E:\PersonalProject\SocialNetwork\MiniSocialNetwork\SocialNetwork.API\bin\Debug\net8.0\SocialNetwork.Application.dll' because it is being used by another process. The file is locked by: "Microsoft Visual Studio 2022 (17192), SocialNetwork.API (11844)" [E:\PersonalProject\SocialNetwork\MiniSocialNetwork\SocialNetwork.API\SocialNetwork.API.csproj]
C:\Program Files\dotnet\sdk\9.0.306\Microsoft.Common.CurrentVersion.targets(5093,5): error MSB3027: Could not copy "E:\PersonalProject\SocialNetwork\MiniSocialNetwork\SocialNetwork.Domain\bin\Debug\net8.0\SocialNetwork.Domain.dll" to "bin\Debug\net8.0\SocialNetwork.Domain.dll". Exceeded retry count of 10. Failed. The file is locked by: "SocialNetwork.API (11844)" [E:\PersonalProject\SocialNetwork\MiniSocialNetwork\SocialNetwork.API\SocialNetwork.API.csproj]
C:\Program Files\dotnet\sdk\9.0.306\Microsoft.Common.CurrentVersion.targets(5093,5): error MSB3021: Unable to copy file "E:\PersonalProject\SocialNetwork\MiniSocialNetwork\SocialNetwork.Domain\bin\Debug\net8.0\SocialNetwork.Domain.dll" to "bin\Debug\net8.0\SocialNetwork.Domain.dll". The process cannot access the file 'E:\PersonalProject\SocialNetwork\MiniSocialNetwork\SocialNetwork.API\bin\Debug\net8.0\SocialNetwork.Domain.dll' because it is being used by another process. [E:\PersonalProject\SocialNetwork\MiniSocialNetwork\SocialNetwork.API\SocialNetwork.API.csproj]
C:\Program Files\dotnet\sdk\9.0.306\Microsoft.Common.CurrentVersion.targets(5093,5): error MSB3027: Could not copy "E:\PersonalProject\SocialNetwork\MiniSocialNetwork\SocialNetwork.Infrastructure\bin\Debug\net8.0\SocialNetwork.Infrastructure.dll" to "bin\Debug\net8.0\SocialNetwork.Infrastructure.dll". Exceeded retry count of 10. Failed. The file is locked by: "Microsoft Visual Studio 2022 (17192), SocialNetwork.API (11844)" [E:\PersonalProject\SocialNetwork\MiniSocialNetwork\SocialNetwork.API\SocialNetwork.API.csproj]
C:\Program Files\dotnet\sdk\9.0.306\Microsoft.Common.CurrentVersion.targets(5093,5): error MSB3021: Unable to copy file "E:\PersonalProject\SocialNetwork\MiniSocialNetwork\SocialNetwork.Infrastructure\bin\Debug\net8.0\SocialNetwork.Infrastructure.dll" to "bin\Debug\net8.0\SocialNetwork.Infrastructure.dll". The process cannot access the file 'E:\PersonalProject\SocialNetwork\MiniSocialNetwork\SocialNetwork.API\bin\Debug\net8.0\SocialNetwork.Infrastructure.dll' because it is being used by another process. [E:\PersonalProject\SocialNetwork\MiniSocialNetwork\SocialNetwork.API\SocialNetwork.API.csproj]
C:\Program Files\dotnet\sdk\9.0.306\Microsoft.Common.CurrentVersion.targets(5093,5): error MSB3027: Could not copy "E:\PersonalProject\SocialNetwork\MiniSocialNetwork\SocialNetwork.Application\bin\Debug\net8.0\SocialNetwork.Application.dll" to "bin\Debug\net8.0\SocialNetwork.Application.dll". Exceeded retry count of 10. Failed. The file is locked by: "Microsoft Visual Studio 2022 (17192), SocialNetwork.API (11844)" [E:\PersonalProject\SocialNetwork\MiniSocialNetwork\SocialNetwork.API\SocialNetwork.API.csproj]
C:\Program Files\dotnet\sdk\9.0.306\Microsoft.Common.CurrentVersion.targets(5093,5): error MSB3021: Unable to copy file "E:\PersonalProject\SocialNetwork\MiniSocialNetwork\SocialNetwork.Application\bin\Debug\net8.0\SocialNetwork.Application.dll" to "bin\Debug\net8.0\SocialNetwork.Application.dll". The process cannot access the file 'E:\PersonalProject\SocialNetwork\MiniSocialNetwork\SocialNetwork.API\bin\Debug\net8.0\SocialNetwork.Application.dll' because it is being used by another process. [E:\PersonalProject\SocialNetwork\MiniSocialNetwork\SocialNetwork.API\SocialNetwork.API.csproj]
    30 Warning(s)
    6 Error(s)

Time Elapsed 00:00:13.10

Workload updates are available. Run `dotnet workload list` for more information.
