  Determining projects to restore...
  All projects are up-to-date for restore.
E:\PersonalProject\SocialNetwork\MiniSocialNetwork\SocialNetwork.Domain\Entities\Follow.cs(14,32): warning CS8618: Non-nullable property 'Follower' must contain a non-null value when exiting constructor. Consider adding the 'required' modifier or declaring the property as nullable. [E:\PersonalProject\SocialNetwork\MiniSocialNetwork\SocialNetwork.Domain\SocialNetwork.Domain.csproj]
E:\PersonalProject\SocialNetwork\MiniSocialNetwork\SocialNetwork.Domain\Entities\Follow.cs(15,32): warning CS8618: Non-nullable property 'Followed' must contain a non-null value when exiting constructor. Consider adding the 'required' modifier or declaring the property as nullable. [E:\PersonalProject\SocialNetwork\MiniSocialNetwork\SocialNetwork.Domain\SocialNetwork.Domain.csproj]
  SocialNetwork.Domain -> E:\PersonalProject\SocialNetwork\MiniSocialNetwork\SocialNetwork.Domain\bin\Debug\net8.0\SocialNetwork.Domain.dll
  SocialNetwork.Infrastructure -> E:\PersonalProject\SocialNetwork\MiniSocialNetwork\SocialNetwork.Infrastructure\bin\Debug\net8.0\SocialNetwork.Infrastructure.dll
E:\PersonalProject\SocialNetwork\MiniSocialNetwork\SocialNetwork.Application\Services\AuthServices\AuthService.cs(147,42): warning CS8613: Nullability of reference types in return type of 'Task<LoginResponse> AuthService.RefreshTokenAsync(string refreshToken)' doesn't match implicitly implemented member 'Task<LoginResponse?> IAuthService.RefreshTokenAsync(string refreshToken)'. [E:\PersonalProject\SocialNetwork\MiniSocialNetwork\SocialNetwork.Application\SocialNetwork.Application.csproj]
E:\PersonalProject\SocialNetwork\MiniSocialNetwork\SocialNetwork.Application\DTOs\AccountDTOs\ProfileInfoResponse.cs(13,38): warning CS8618: Non-nullable property 'AccountInfo' must contain a non-null value when exiting constructor. Consider adding the 'required' modifier or declaring the property as nullable. [E:\PersonalProject\SocialNetwork\MiniSocialNetwork\SocialNetwork.Application\SocialNetwork.Application.csproj]
E:\PersonalProject\SocialNetwork\MiniSocialNetwork\SocialNetwork.Application\DTOs\AccountDTOs\ProfileInfoResponse.cs(14,36): warning CS8618: Non-nullable property 'FollowInfo' must contain a non-null value when exiting constructor. Consider adding the 'required' modifier or declaring the property as nullable. [E:\PersonalProject\SocialNetwork\MiniSocialNetwork\SocialNetwork.Application\SocialNetwork.Application.csproj]
E:\PersonalProject\SocialNetwork\MiniSocialNetwork\SocialNetwork.Application\DTOs\AccountDTOs\AccountInfoResponse.cs(12,38): warning CS8618: Non-nullable property 'AccountInfo' must contain a non-null value when exiting constructor. Consider adding the 'required' modifier or declaring the property as nullable. [E:\PersonalProject\SocialNetwork\MiniSocialNetwork\SocialNetwork.Application\SocialNetwork.Application.csproj]
E:\PersonalProject\SocialNetwork\MiniSocialNetwork\SocialNetwork.Application\DTOs\AccountDTOs\AccountInfoResponse.cs(13,36): warning CS8618: Non-nullable property 'FollowInfo' must contain a non-null value when exiting constructor. Consider adding the 'required' modifier or declaring the property as nullable. [E:\PersonalProject\SocialNetwork\MiniSocialNetwork\SocialNetwork.Application\SocialNetwork.Application.csproj]
E:\PersonalProject\SocialNetwork\MiniSocialNetwork\SocialNetwork.Application\DTOs\CommentDTOs\CommentResponse.cs(15,41): warning CS8618: Non-nullable property 'Owner' must contain a non-null value when exiting constructor. Consider adding the 'required' modifier or declaring the property as nullable. [E:\PersonalProject\SocialNetwork\MiniSocialNetwork\SocialNetwork.Application\SocialNetwork.Application.csproj]
E:\PersonalProject\SocialNetwork\MiniSocialNetwork\SocialNetwork.Application\Services\PostServices\PostService.cs(130,38): warning CS0168: The variable 'ex' is declared but never used [E:\PersonalProject\SocialNetwork\MiniSocialNetwork\SocialNetwork.Application\SocialNetwork.Application.csproj]
E:\PersonalProject\SocialNetwork\MiniSocialNetwork\SocialNetwork.Application\Services\EmailServices\EmailService.cs(38,40): warning CS8604: Possible null reference argument for parameter 'from' in 'MailMessage.MailMessage(string from, string to, string? subject, string? body)'. [E:\PersonalProject\SocialNetwork\MiniSocialNetwork\SocialNetwork.Application\SocialNetwork.Application.csproj]
  SocialNetwork.Application -> E:\PersonalProject\SocialNetwork\MiniSocialNetwork\SocialNetwork.Application\bin\Debug\net8.0\SocialNetwork.Application.dll
E:\PersonalProject\SocialNetwork\MiniSocialNetwork\SocialNetwork.API\Controllers\AuthsController.cs(47,53): warning CS8602: Dereference of a possibly null reference. [E:\PersonalProject\SocialNetwork\MiniSocialNetwork\SocialNetwork.API\SocialNetwork.API.csproj]
E:\PersonalProject\SocialNetwork\MiniSocialNetwork\SocialNetwork.API\Controllers\AuthsController.cs(47,53): warning CS8604: Possible null reference argument for parameter 'value' in 'void IResponseCookies.Append(string key, string value, CookieOptions options)'. [E:\PersonalProject\SocialNetwork\MiniSocialNetwork\SocialNetwork.API\SocialNetwork.API.csproj]
E:\PersonalProject\SocialNetwork\MiniSocialNetwork\SocialNetwork.API\Hubs\ChatHub.cs(10,53): warning CS8618: Non-nullable field '_conversationMemberService' must contain a non-null value when exiting constructor. Consider adding the 'required' modifier or declaring the field as nullable. [E:\PersonalProject\SocialNetwork\MiniSocialNetwork\SocialNetwork.API\SocialNetwork.API.csproj]
E:\PersonalProject\SocialNetwork\MiniSocialNetwork\SocialNetwork.API\Controllers\AuthsController.cs(71,53): warning CS8602: Dereference of a possibly null reference. [E:\PersonalProject\SocialNetwork\MiniSocialNetwork\SocialNetwork.API\SocialNetwork.API.csproj]
E:\PersonalProject\SocialNetwork\MiniSocialNetwork\SocialNetwork.API\Controllers\AuthsController.cs(71,53): warning CS8604: Possible null reference argument for parameter 'value' in 'void IResponseCookies.Append(string key, string value, CookieOptions options)'. [E:\PersonalProject\SocialNetwork\MiniSocialNetwork\SocialNetwork.API\SocialNetwork.API.csproj]
E:\PersonalProject\SocialNetwork\MiniSocialNetwork\SocialNetwork.API\Hubs\ChatHub.cs(10,53): warning CS0649: Field 'ChatHub._conversationMemberService' is never assigned to, and will always have its default value null [E:\PersonalProject\SocialNetwork\MiniSocialNetwork\SocialNetwork.API\SocialNetwork.API.csproj]
  SocialNetwork.API -> E:\PersonalProject\SocialNetwork\MiniSocialNetwork\SocialNetwork.API\bin\Debug\net8.0\SocialNetwork.API.dll

Build succeeded.

E:\PersonalProject\SocialNetwork\MiniSocialNetwork\SocialNetwork.Domain\Entities\Follow.cs(14,32): warning CS8618: Non-nullable property 'Follower' must contain a non-null value when exiting constructor. Consider adding the 'required' modifier or declaring the property as nullable. [E:\PersonalProject\SocialNetwork\MiniSocialNetwork\SocialNetwork.Domain\SocialNetwork.Domain.csproj]
E:\PersonalProject\SocialNetwork\MiniSocialNetwork\SocialNetwork.Domain\Entities\Follow.cs(15,32): warning CS8618: Non-nullable property 'Followed' must contain a non-null value when exiting constructor. Consider adding the 'required' modifier or declaring the property as nullable. [E:\PersonalProject\SocialNetwork\MiniSocialNetwork\SocialNetwork.Domain\SocialNetwork.Domain.csproj]
E:\PersonalProject\SocialNetwork\MiniSocialNetwork\SocialNetwork.Application\Services\AuthServices\AuthService.cs(147,42): warning CS8613: Nullability of reference types in return type of 'Task<LoginResponse> AuthService.RefreshTokenAsync(string refreshToken)' doesn't match implicitly implemented member 'Task<LoginResponse?> IAuthService.RefreshTokenAsync(string refreshToken)'. [E:\PersonalProject\SocialNetwork\MiniSocialNetwork\SocialNetwork.Application\SocialNetwork.Application.csproj]
E:\PersonalProject\SocialNetwork\MiniSocialNetwork\SocialNetwork.Application\DTOs\AccountDTOs\ProfileInfoResponse.cs(13,38): warning CS8618: Non-nullable property 'AccountInfo' must contain a non-null value when exiting constructor. Consider adding the 'required' modifier or declaring the property as nullable. [E:\PersonalProject\SocialNetwork\MiniSocialNetwork\SocialNetwork.Application\SocialNetwork.Application.csproj]
E:\PersonalProject\SocialNetwork\MiniSocialNetwork\SocialNetwork.Application\DTOs\AccountDTOs\ProfileInfoResponse.cs(14,36): warning CS8618: Non-nullable property 'FollowInfo' must contain a non-null value when exiting constructor. Consider adding the 'required' modifier or declaring the property as nullable. [E:\PersonalProject\SocialNetwork\MiniSocialNetwork\SocialNetwork.Application\SocialNetwork.Application.csproj]
E:\PersonalProject\SocialNetwork\MiniSocialNetwork\SocialNetwork.Application\DTOs\AccountDTOs\AccountInfoResponse.cs(12,38): warning CS8618: Non-nullable property 'AccountInfo' must contain a non-null value when exiting constructor. Consider adding the 'required' modifier or declaring the property as nullable. [E:\PersonalProject\SocialNetwork\MiniSocialNetwork\SocialNetwork.Application\SocialNetwork.Application.csproj]
E:\PersonalProject\SocialNetwork\MiniSocialNetwork\SocialNetwork.Application\DTOs\AccountDTOs\AccountInfoResponse.cs(13,36): warning CS8618: Non-nullable property 'FollowInfo' must contain a non-null value when exiting constructor. Consider adding the 'required' modifier or declaring the property as nullable. [E:\PersonalProject\SocialNetwork\MiniSocialNetwork\SocialNetwork.Application\SocialNetwork.Application.csproj]
E:\PersonalProject\SocialNetwork\MiniSocialNetwork\SocialNetwork.Application\DTOs\CommentDTOs\CommentResponse.cs(15,41): warning CS8618: Non-nullable property 'Owner' must contain a non-null value when exiting constructor. Consider adding the 'required' modifier or declaring the property as nullable. [E:\PersonalProject\SocialNetwork\MiniSocialNetwork\SocialNetwork.Application\SocialNetwork.Application.csproj]
E:\PersonalProject\SocialNetwork\MiniSocialNetwork\SocialNetwork.Application\Services\PostServices\PostService.cs(130,38): warning CS0168: The variable 'ex' is declared but never used [E:\PersonalProject\SocialNetwork\MiniSocialNetwork\SocialNetwork.Application\SocialNetwork.Application.csproj]
E:\PersonalProject\SocialNetwork\MiniSocialNetwork\SocialNetwork.Application\Services\EmailServices\EmailService.cs(38,40): warning CS8604: Possible null reference argument for parameter 'from' in 'MailMessage.MailMessage(string from, string to, string? subject, string? body)'. [E:\PersonalProject\SocialNetwork\MiniSocialNetwork\SocialNetwork.Application\SocialNetwork.Application.csproj]
E:\PersonalProject\SocialNetwork\MiniSocialNetwork\SocialNetwork.API\Controllers\AuthsController.cs(47,53): warning CS8602: Dereference of a possibly null reference. [E:\PersonalProject\SocialNetwork\MiniSocialNetwork\SocialNetwork.API\SocialNetwork.API.csproj]
E:\PersonalProject\SocialNetwork\MiniSocialNetwork\SocialNetwork.API\Controllers\AuthsController.cs(47,53): warning CS8604: Possible null reference argument for parameter 'value' in 'void IResponseCookies.Append(string key, string value, CookieOptions options)'. [E:\PersonalProject\SocialNetwork\MiniSocialNetwork\SocialNetwork.API\SocialNetwork.API.csproj]
E:\PersonalProject\SocialNetwork\MiniSocialNetwork\SocialNetwork.API\Hubs\ChatHub.cs(10,53): warning CS8618: Non-nullable field '_conversationMemberService' must contain a non-null value when exiting constructor. Consider adding the 'required' modifier or declaring the field as nullable. [E:\PersonalProject\SocialNetwork\MiniSocialNetwork\SocialNetwork.API\SocialNetwork.API.csproj]
E:\PersonalProject\SocialNetwork\MiniSocialNetwork\SocialNetwork.API\Controllers\AuthsController.cs(71,53): warning CS8602: Dereference of a possibly null reference. [E:\PersonalProject\SocialNetwork\MiniSocialNetwork\SocialNetwork.API\SocialNetwork.API.csproj]
E:\PersonalProject\SocialNetwork\MiniSocialNetwork\SocialNetwork.API\Controllers\AuthsController.cs(71,53): warning CS8604: Possible null reference argument for parameter 'value' in 'void IResponseCookies.Append(string key, string value, CookieOptions options)'. [E:\PersonalProject\SocialNetwork\MiniSocialNetwork\SocialNetwork.API\SocialNetwork.API.csproj]
E:\PersonalProject\SocialNetwork\MiniSocialNetwork\SocialNetwork.API\Hubs\ChatHub.cs(10,53): warning CS0649: Field 'ChatHub._conversationMemberService' is never assigned to, and will always have its default value null [E:\PersonalProject\SocialNetwork\MiniSocialNetwork\SocialNetwork.API\SocialNetwork.API.csproj]
    16 Warning(s)
    0 Error(s)

Time Elapsed 00:00:05.84

Workload updates are available. Run `dotnet workload list` for more information.
